2026-09-07T06:19:58Z INF Thank you for trying Cloudflare Tunnel. Doing so, without a Cloudflare account, is a quick way to experiment and try it out. However, be aware that these account-less Tunnels have no uptime guarantee, are subject to the Cloudflare Online Services Terms of Use (https://www.cloudflare.com/website-terms/), and Cloudflare reserves the right to investigate your use of Tunnels for violations of such terms. If you intend to use Tunnels in production you should use a pre-created named tunnel by following: https://developers.cloudflare.com/cloudflare-one/connections/connect-apps
2026-09-07T06:19:58Z INF Requesting new quick Tunnel on trycloudflare.com...
2026-09-07T06:20:01Z INF +--------------------------------------------------------------------------------------------+
2026-09-07T06:20:01Z INF |  Your quick Tunnel has been created! Visit it at (it may take some time to be reachable):  |
2026-09-07T06:20:01Z INF |  https://cartoon-cut-sri-conversations.trycloudflare.com                                   |
2026-09-07T06:20:01Z INF +--------------------------------------------------------------------------------------------+
2026-09-07T06:20:01Z INF Cannot determine default configuration path. No file [config.yml config.yaml] in [~/.cloudflared ~/.cloudflare-warp ~/cloudflare-warp /etc/cloudflared /usr/local/etc/cloudflared]
2026-09-07T06:20:01Z INF Version 2026.8.3 (Checksum f29324fe934d1e100617484c78deef803c4dc2cd351d645bbde42e96b4fccc5e)
2026-09-07T06:20:01Z INF GOOS: linux, GOVersion: go1.26.4, GoArch: amd64
2026-09-07T06:20:01Z INF Settings: map[ha-connections:1 protocol:quic url:http://localhost:8787]
2026-09-07T06:20:01Z INF Autoupdate frequency is set autoupdateFreq=86400000
2026-09-07T06:20:01Z INF Generated Connector ID: 6fe7780b-9fed-4ac5-90c3-18ff3eeb84cf
2026-09-07T06:20:01Z INF Initial protocol quic
2026-09-07T06:20:01Z INF ICMP proxy will use 192.168.100.6 as source for IPv4
2026-09-07T06:20:01Z INF ICMP proxy will use fe80::2da3:2b29:ec78:a44c in zone wlp2s0 as source for IPv6
2026-09-07T06:20:01Z INF ICMP proxy will use 192.168.100.6 as source for IPv4
2026-09-07T06:20:01Z INF ICMP proxy will use fe80::2da3:2b29:ec78:a44c in zone wlp2s0 as source for IPv6
2026-09-07T06:20:01Z INF Starting metrics server on 127.0.0.1:20241/metrics
2026-09-07T06:20:01Z INF Tunnel connection curve preferences: [X25519MLKEM768 CurveID(65074) CurveP256] connIndex=0 event=0 ip=198.41.192.47
2026-09-07T06:20:02Z INF Registered tunnel connection connIndex=0 connection=1977e701-d3ae-47ff-8741-197cfd45ead8 event=0 ip=198.41.192.47 location=hkg09 protocol=quic
2026-09-07T06:20:11Z INF +-----------------------------------------------------------------------------------------------+
2026-09-07T06:20:11Z INF |                                    CONNECTIVITY PRE-CHECKS                                    |
2026-09-07T06:20:11Z INF +-----------------------------------------------------------------------------------------------+
2026-09-07T06:20:11Z INF |  COMPONENT         TARGET                     STATUS  DETAILS                                 |
2026-09-07T06:20:11Z INF |  DNS Resolution    region1.v2.argotunnel.com  PASS    DNS Resolved successfully               |
2026-09-07T06:20:11Z INF |  DNS Resolution    region2.v2.argotunnel.com  PASS    DNS Resolved successfully               |
2026-09-07T06:20:11Z INF |  UDP Connectivity  region1.v2.argotunnel.com  PASS    QUIC connection successful              |
2026-09-07T06:20:11Z INF |  UDP Connectivity  region2.v2.argotunnel.com  FAIL    QUIC connection failed                  |
2026-09-07T06:20:11Z INF |  TCP Connectivity  region1.v2.argotunnel.com  PASS    HTTP/2 connection successful            |
2026-09-07T06:20:11Z INF |  TCP Connectivity  region2.v2.argotunnel.com  PASS    HTTP/2 connection successful            |
2026-09-07T06:20:11Z INF |  Cloudflare API    api.cloudflare.com:443     PASS    API is reachable                        |
2026-09-07T06:20:11Z INF |  WARNING: Allow outbound QUIC traffic on port 7844 or use HTTP2.                              |
2026-09-07T06:20:11Z INF |                                                                                               |
2026-09-07T06:20:11Z INF |  SUMMARY: Environment ready with degraded transport. cloudflared will proceed using 'http2'.  |
2026-09-07T06:20:11Z INF +-----------------------------------------------------------------------------------------------+
2026-09-07T06:20:11Z INF precheck component="DNS Resolution" details="DNS Resolved successfully" run_id=b091347f-ebcc-4ff0-a84f-6e8970c07d3c status=pass target=region1.v2.argotunnel.com
2026-09-07T06:20:11Z INF precheck component="DNS Resolution" details="DNS Resolved successfully" run_id=b091347f-ebcc-4ff0-a84f-6e8970c07d3c status=pass target=region2.v2.argotunnel.com
2026-09-07T06:20:11Z INF precheck component="UDP Connectivity" details="QUIC connection successful" run_id=b091347f-ebcc-4ff0-a84f-6e8970c07d3c status=pass target=region1.v2.argotunnel.com
2026-09-07T06:20:11Z INF precheck component="UDP Connectivity" details="QUIC connection failed" run_id=b091347f-ebcc-4ff0-a84f-6e8970c07d3c status=fail target=region2.v2.argotunnel.com
2026-09-07T06:20:11Z INF precheck component="TCP Connectivity" details="HTTP/2 connection successful" run_id=b091347f-ebcc-4ff0-a84f-6e8970c07d3c status=pass target=region1.v2.argotunnel.com
2026-09-07T06:20:11Z INF precheck component="TCP Connectivity" details="HTTP/2 connection successful" run_id=b091347f-ebcc-4ff0-a84f-6e8970c07d3c status=pass target=region2.v2.argotunnel.com
2026-09-07T06:20:11Z INF precheck component="Cloudflare API" details="API is reachable" run_id=b091347f-ebcc-4ff0-a84f-6e8970c07d3c status=pass target=api.cloudflare.com:443
2026-09-07T06:20:11Z INF precheck complete hard_fail=false run_id=b091347f-ebcc-4ff0-a84f-6e8970c07d3c suggested_protocol=http2
